// Jest Snapshot v1, https://goo.gl/fbAQLP

exports[`renders ./components/toast/demo/basic.tsx correctly 1`] = `
<View
  style={
    Array [
      Object {
        "marginLeft": 15,
        "marginRight": 15,
      },
      Object {
        "marginTop": 20,
      },
    ]
  }
>
  <View>
    <View
      style={
        Object {
          "backgroundColor": "#ffffff",
          "borderTopColor": "#dddddd",
          "borderTopWidth": 0.5,
        }
      }
    >
      <View
        accessible={true}
        focusable={false}
        onClick={[Function]}
        onResponderGrant={[Function]}
        onResponderMove={[Function]}
        onResponderRelease={[Function]}
        onResponderTerminate={[Function]}
        onResponderTerminationRequest={[Function]}
        onStartShouldSetResponder={[Function]}
      >
        <View
          style={
            Array [
              Object {
                "alignItems": "center",
                "backgroundColor": "#ffffff",
                "flexDirection": "row",
                "flexGrow": 1,
                "paddingLeft": 15,
              },
              undefined,
            ]
          }
        >
          <View
            style={
              Array [
                Object {
                  "alignItems": "center",
                  "borderBottomColor": "#dddddd",
                  "borderBottomWidth": 0.5,
                  "flex": 1,
                  "flexDirection": "row",
                  "minHeight": 44,
                  "paddingRight": 15,
                  "paddingVertical": 6,
                },
                false,
                false,
              ]
            }
          >
            <View
              style={
                Array [
                  Object {
                    "flex": 1,
                    "flexDirection": "column",
                  },
                ]
              }
            >
              <Text
                numberOfLines={1}
                style={
                  Array [
                    Object {
                      "color": "#000000",
                      "fontSize": 17,
                      "textAlignVertical": "center",
                    },
                  ]
                }
              >
                Enable Mask
              </Text>
            </View>
            <View
              accessibilityRole="switch"
              accessibilityState={
                Object {
                  "busy": undefined,
                  "checked": true,
                  "disabled": undefined,
                }
              }
              style={
                Array [
                  Object {
                    "alignItems": "center",
                    "borderColor": "transparent",
                    "borderRadius": 20,
                    "borderWidth": 1,
                    "display": "flex",
                    "flexDirection": "row",
                    "minHeight": 25,
                    "minWidth": 50,
                    "overflow": "hidden",
                    "padding": 0,
                    "position": "relative",
                  },
                  Object {
                    "padding": 1,
                  },
                ]
              }
            >
              <View
                Color="#1890ff"
                accessibilityRole="button"
                accessibilityState={
                  Object {
                    "disabled": false,
                  }
                }
                accessible={true}
                collapsable={false}
                focusable={true}
                onBlur={[Function]}
                onClick={[Function]}
                onFocus={[Function]}
                onResponderGrant={[Function]}
                onResponderMove={[Function]}
                onResponderRelease={[Function]}
                onResponderTerminate={[Function]}
                onResponderTerminationRequest={[Function]}
                onStartShouldSetResponder={[Function]}
              >
                <View
                  style={
                    Array [
                      Array [
                        Object {
                          "alignItems": "center",
                          "borderColor": "transparent",
                          "borderRadius": 20,
                          "borderWidth": 1,
                          "display": "flex",
                          "flexDirection": "row",
                          "minHeight": 25,
                          "minWidth": 50,
                          "overflow": "hidden",
                          "padding": 0,
                          "position": "relative",
                        },
                        Object {
                          "backgroundColor": "#1890ff",
                          "borderColor": "#1890ff",
                        },
                      ],
                      false,
                    ]
                  }
                >
                  <View
                    style={
                      Object {
                        "backgroundColor": "#ffffff",
                        "borderRadius": 999,
                        "height": 22,
                        "left": undefined,
                        "position": "absolute",
                        "right": 10,
                        "width": 22,
                      }
                    }
                  />
                  <View
                    style={
                      Object {
                        "color": "#fff",
                        "fontSize": 12,
                        "marginLeft": 25,
                        "marginRight": 7,
                      }
                    }
                  />
                </View>
              </View>
            </View>
          </View>
        </View>
      </View>
      <View
        accessible={true}
        focusable={false}
        onClick={[Function]}
        onResponderGrant={[Function]}
        onResponderMove={[Function]}
        onResponderRelease={[Function]}
        onResponderTerminate={[Function]}
        onResponderTerminationRequest={[Function]}
        onStartShouldSetResponder={[Function]}
      >
        <View
          style={
            Array [
              Object {
                "alignItems": "center",
                "backgroundColor": "#ffffff",
                "flexDirection": "row",
                "flexGrow": 1,
                "paddingLeft": 15,
              },
              undefined,
            ]
          }
        >
          <View
            style={
              Array [
                Object {
                  "alignItems": "center",
                  "borderBottomColor": "#dddddd",
                  "borderBottomWidth": 0.5,
                  "flex": 1,
                  "flexDirection": "row",
                  "minHeight": 44,
                  "paddingRight": 15,
                  "paddingVertical": 6,
                },
                false,
                false,
              ]
            }
          >
            <View
              style={
                Array [
                  Object {
                    "flex": 1,
                    "flexDirection": "column",
                  },
                ]
              }
            >
              <Text
                numberOfLines={1}
                style={
                  Array [
                    Object {
                      "color": "#000000",
                      "fontSize": 17,
                      "textAlignVertical": "center",
                    },
                  ]
                }
              >
                Enable Stack
              </Text>
            </View>
            <View
              accessibilityRole="switch"
              accessibilityState={
                Object {
                  "busy": undefined,
                  "checked": true,
                  "disabled": undefined,
                }
              }
              style={
                Array [
                  Object {
                    "alignItems": "center",
                    "borderColor": "transparent",
                    "borderRadius": 20,
                    "borderWidth": 1,
                    "display": "flex",
                    "flexDirection": "row",
                    "minHeight": 25,
                    "minWidth": 50,
                    "overflow": "hidden",
                    "padding": 0,
                    "position": "relative",
                  },
                  Object {
                    "padding": 1,
                  },
                ]
              }
            >
              <View
                Color="#1890ff"
                accessibilityRole="button"
                accessibilityState={
                  Object {
                    "disabled": false,
                  }
                }
                accessible={true}
                collapsable={false}
                focusable={true}
                onBlur={[Function]}
                onClick={[Function]}
                onFocus={[Function]}
                onResponderGrant={[Function]}
                onResponderMove={[Function]}
                onResponderRelease={[Function]}
                onResponderTerminate={[Function]}
                onResponderTerminationRequest={[Function]}
                onStartShouldSetResponder={[Function]}
              >
                <View
                  style={
                    Array [
                      Array [
                        Object {
                          "alignItems": "center",
                          "borderColor": "transparent",
                          "borderRadius": 20,
                          "borderWidth": 1,
                          "display": "flex",
                          "flexDirection": "row",
                          "minHeight": 25,
                          "minWidth": 50,
                          "overflow": "hidden",
                          "padding": 0,
                          "position": "relative",
                        },
                        Object {
                          "backgroundColor": "#1890ff",
                          "borderColor": "#1890ff",
                        },
                      ],
                      false,
                    ]
                  }
                >
                  <View
                    style={
                      Object {
                        "backgroundColor": "#ffffff",
                        "borderRadius": 999,
                        "height": 22,
                        "left": undefined,
                        "position": "absolute",
                        "right": 10,
                        "width": 22,
                      }
                    }
                  />
                  <View
                    style={
                      Object {
                        "color": "#fff",
                        "fontSize": 12,
                        "marginLeft": 25,
                        "marginRight": 7,
                      }
                    }
                  />
                </View>
              </View>
            </View>
          </View>
        </View>
      </View>
      <View
        style={
          Array [
            Object {
              "backgroundColor": "#ffffff",
              "borderBottomColor": "#dddddd",
              "borderBottomWidth": 0.5,
              "bottom": 0,
              "height": 1,
              "left": 0,
              "position": "absolute",
              "right": 0,
            },
          ]
        }
      />
    </View>
  </View>
  <View
    style={
      Array [
        Object {
          "height": 9,
        },
        undefined,
      ]
    }
  />
  <View
    accessibilityRole="button"
    accessibilityState={
      Object {
        "disabled": false,
      }
    }
    accessible={true}
    focusable={true}
    onClick={[Function]}
    onResponderGrant={[Function]}
    onResponderMove={[Function]}
    onResponderRelease={[Function]}
    onResponderTerminate={[Function]}
    onResponderTerminationRequest={[Function]}
    onStartShouldSetResponder={[Function]}
    style={
      Array [
        Object {
          "alignItems": "center",
          "borderRadius": 5,
          "borderWidth": 1,
          "justifyContent": "center",
        },
        Object {
          "height": 47,
          "paddingLeft": 15,
          "paddingRight": 15,
        },
        Object {
          "backgroundColor": "#ffffff",
          "borderColor": "#dddddd",
        },
        false,
        false,
        undefined,
        undefined,
      ]
    }
  >
    <View
      style={
        Object {
          "flexDirection": "row",
        }
      }
    >
      <Text
        style={
          Array [
            Object {
              "fontSize": 18,
            },
            Object {
              "color": "#000000",
            },
            false,
            false,
          ]
        }
      >
        Without mask
      </Text>
    </View>
  </View>
  <View
    style={
      Array [
        Object {
          "height": 9,
        },
        undefined,
      ]
    }
  />
  <View
    accessibilityRole="button"
    accessibilityState={
      Object {
        "disabled": false,
      }
    }
    accessible={true}
    focusable={true}
    onClick={[Function]}
    onResponderGrant={[Function]}
    onResponderMove={[Function]}
    onResponderRelease={[Function]}
    onResponderTerminate={[Function]}
    onResponderTerminationRequest={[Function]}
    onStartShouldSetResponder={[Function]}
    style={
      Array [
        Object {
          "alignItems": "center",
          "borderRadius": 5,
          "borderWidth": 1,
          "justifyContent": "center",
        },
        Object {
          "height": 47,
          "paddingLeft": 15,
          "paddingRight": 15,
        },
        Object {
          "backgroundColor": "#ffffff",
          "borderColor": "#dddddd",
        },
        false,
        false,
        undefined,
        undefined,
      ]
    }
  >
    <View
      style={
        Object {
          "flexDirection": "row",
        }
      }
    >
      <Text
        style={
          Array [
            Object {
              "fontSize": 18,
            },
            Object {
              "color": "#000000",
            },
            false,
            false,
          ]
        }
      >
        Stackable toast
      </Text>
    </View>
  </View>
  <View
    style={
      Array [
        Object {
          "height": 9,
        },
        undefined,
      ]
    }
  />
  <View
    accessibilityRole="button"
    accessibilityState={
      Object {
        "disabled": false,
      }
    }
    accessible={true}
    focusable={true}
    onClick={[Function]}
    onResponderGrant={[Function]}
    onResponderMove={[Function]}
    onResponderRelease={[Function]}
    onResponderTerminate={[Function]}
    onResponderTerminationRequest={[Function]}
    onStartShouldSetResponder={[Function]}
    style={
      Array [
        Object {
          "alignItems": "center",
          "borderRadius": 5,
          "borderWidth": 1,
          "justifyContent": "center",
        },
        Object {
          "height": 47,
          "paddingLeft": 15,
          "paddingRight": 15,
        },
        Object {
          "backgroundColor": "#ffffff",
          "borderColor": "#dddddd",
        },
        false,
        false,
        undefined,
        undefined,
      ]
    }
  >
    <View
      style={
        Object {
          "flexDirection": "row",
        }
      }
    >
      <Text
        style={
          Array [
            Object {
              "fontSize": 18,
            },
            Object {
              "color": "#000000",
            },
            false,
            false,
          ]
        }
      >
        Text toast
      </Text>
    </View>
  </View>
  <View
    style={
      Array [
        Object {
          "height": 9,
        },
        undefined,
      ]
    }
  />
  <View
    accessibilityRole="button"
    accessibilityState={
      Object {
        "disabled": false,
      }
    }
    accessible={true}
    focusable={true}
    onClick={[Function]}
    onResponderGrant={[Function]}
    onResponderMove={[Function]}
    onResponderRelease={[Function]}
    onResponderTerminate={[Function]}
    onResponderTerminationRequest={[Function]}
    onStartShouldSetResponder={[Function]}
    style={
      Array [
        Object {
          "alignItems": "center",
          "borderRadius": 5,
          "borderWidth": 1,
          "justifyContent": "center",
        },
        Object {
          "height": 47,
          "paddingLeft": 15,
          "paddingRight": 15,
        },
        Object {
          "backgroundColor": "#ffffff",
          "borderColor": "#dddddd",
        },
        false,
        false,
        undefined,
        undefined,
      ]
    }
  >
    <View
      style={
        Object {
          "flexDirection": "row",
        }
      }
    >
      <Text
        style={
          Array [
            Object {
              "fontSize": 18,
            },
            Object {
              "color": "#000000",
            },
            false,
            false,
          ]
        }
      >
        Success toast
      </Text>
    </View>
  </View>
  <View
    style={
      Array [
        Object {
          "height": 9,
        },
        undefined,
      ]
    }
  />
  <View
    accessibilityRole="button"
    accessibilityState={
      Object {
        "disabled": false,
      }
    }
    accessible={true}
    focusable={true}
    onClick={[Function]}
    onResponderGrant={[Function]}
    onResponderMove={[Function]}
    onResponderRelease={[Function]}
    onResponderTerminate={[Function]}
    onResponderTerminationRequest={[Function]}
    onStartShouldSetResponder={[Function]}
    style={
      Array [
        Object {
          "alignItems": "center",
          "borderRadius": 5,
          "borderWidth": 1,
          "justifyContent": "center",
        },
        Object {
          "height": 47,
          "paddingLeft": 15,
          "paddingRight": 15,
        },
        Object {
          "backgroundColor": "#ffffff",
          "borderColor": "#dddddd",
        },
        false,
        false,
        undefined,
        undefined,
      ]
    }
  >
    <View
      style={
        Object {
          "flexDirection": "row",
        }
      }
    >
      <Text
        style={
          Array [
            Object {
              "fontSize": 18,
            },
            Object {
              "color": "#000000",
            },
            false,
            false,
          ]
        }
      >
        Failed toast
      </Text>
    </View>
  </View>
  <View
    style={
      Array [
        Object {
          "height": 9,
        },
        undefined,
      ]
    }
  />
  <View
    accessibilityRole="button"
    accessibilityState={
      Object {
        "disabled": false,
      }
    }
    accessible={true}
    focusable={true}
    onClick={[Function]}
    onResponderGrant={[Function]}
    onResponderMove={[Function]}
    onResponderRelease={[Function]}
    onResponderTerminate={[Function]}
    onResponderTerminationRequest={[Function]}
    onStartShouldSetResponder={[Function]}
    style={
      Array [
        Object {
          "alignItems": "center",
          "borderRadius": 5,
          "borderWidth": 1,
          "justifyContent": "center",
        },
        Object {
          "height": 47,
          "paddingLeft": 15,
          "paddingRight": 15,
        },
        Object {
          "backgroundColor": "#ffffff",
          "borderColor": "#dddddd",
        },
        false,
        false,
        undefined,
        undefined,
      ]
    }
  >
    <View
      style={
        Object {
          "flexDirection": "row",
        }
      }
    >
      <Text
        style={
          Array [
            Object {
              "fontSize": 18,
            },
            Object {
              "color": "#000000",
            },
            false,
            false,
          ]
        }
      >
        Network failure toast
      </Text>
    </View>
  </View>
  <View
    style={
      Array [
        Object {
          "height": 9,
        },
        undefined,
      ]
    }
  />
  <View
    accessibilityRole="button"
    accessibilityState={
      Object {
        "disabled": false,
      }
    }
    accessible={true}
    focusable={true}
    onClick={[Function]}
    onResponderGrant={[Function]}
    onResponderMove={[Function]}
    onResponderRelease={[Function]}
    onResponderTerminate={[Function]}
    onResponderTerminationRequest={[Function]}
    onStartShouldSetResponder={[Function]}
    style={
      Array [
        Object {
          "alignItems": "center",
          "borderRadius": 5,
          "borderWidth": 1,
          "justifyContent": "center",
        },
        Object {
          "height": 47,
          "paddingLeft": 15,
          "paddingRight": 15,
        },
        Object {
          "backgroundColor": "#ffffff",
          "borderColor": "#dddddd",
        },
        false,
        false,
        undefined,
        undefined,
      ]
    }
  >
    <View
      style={
        Object {
          "flexDirection": "row",
        }
      }
    >
      <Text
        style={
          Array [
            Object {
              "fontSize": 18,
            },
            Object {
              "color": "#000000",
            },
            false,
            false,
          ]
        }
      >
        Loading toast
      </Text>
    </View>
  </View>
  <View
    style={
      Array [
        Object {
          "height": 9,
        },
        undefined,
      ]
    }
  />
  <View
    accessibilityRole="button"
    accessibilityState={
      Object {
        "disabled": false,
      }
    }
    accessible={true}
    focusable={true}
    onClick={[Function]}
    onResponderGrant={[Function]}
    onResponderMove={[Function]}
    onResponderRelease={[Function]}
    onResponderTerminate={[Function]}
    onResponderTerminationRequest={[Function]}
    onStartShouldSetResponder={[Function]}
    style={
      Array [
        Object {
          "alignItems": "center",
          "borderRadius": 5,
          "borderWidth": 1,
          "justifyContent": "center",
        },
        Object {
          "height": 47,
          "paddingLeft": 15,
          "paddingRight": 15,
        },
        Object {
          "backgroundColor": "#ffffff",
          "borderColor": "#dddddd",
        },
        false,
        false,
        undefined,
        undefined,
      ]
    }
  >
    <View
      style={
        Object {
          "flexDirection": "row",
        }
      }
    >
      <Text
        style={
          Array [
            Object {
              "fontSize": 18,
            },
            Object {
              "color": "#000000",
            },
            false,
            false,
          ]
        }
      >
        Toast.info with duration = 0
      </Text>
    </View>
  </View>
  <View
    style={
      Array [
        Object {
          "height": 9,
        },
        undefined,
      ]
    }
  />
  <View
    accessibilityRole="button"
    accessibilityState={
      Object {
        "disabled": false,
      }
    }
    accessible={true}
    focusable={true}
    onClick={[Function]}
    onResponderGrant={[Function]}
    onResponderMove={[Function]}
    onResponderRelease={[Function]}
    onResponderTerminate={[Function]}
    onResponderTerminationRequest={[Function]}
    onStartShouldSetResponder={[Function]}
    style={
      Array [
        Object {
          "alignItems": "center",
          "borderRadius": 5,
          "borderWidth": 1,
          "justifyContent": "center",
        },
        Object {
          "height": 47,
          "paddingLeft": 15,
          "paddingRight": 15,
        },
        Object {
          "backgroundColor": "#ffffff",
          "borderColor": "#dddddd",
        },
        false,
        false,
        undefined,
        undefined,
      ]
    }
  >
    <View
      style={
        Object {
          "flexDirection": "row",
        }
      }
    >
      <Text
        style={
          Array [
            Object {
              "fontSize": 18,
            },
            Object {
              "color": "#000000",
            },
            false,
            false,
          ]
        }
      >
        Toast.loading with duration = 0
      </Text>
    </View>
  </View>
  <View
    style={
      Array [
        Object {
          "height": 9,
        },
        undefined,
      ]
    }
  />
  <View
    accessibilityRole="button"
    accessibilityState={
      Object {
        "disabled": false,
      }
    }
    accessible={true}
    focusable={true}
    onClick={[Function]}
    onResponderGrant={[Function]}
    onResponderMove={[Function]}
    onResponderRelease={[Function]}
    onResponderTerminate={[Function]}
    onResponderTerminationRequest={[Function]}
    onStartShouldSetResponder={[Function]}
    style={
      Array [
        Object {
          "alignItems": "center",
          "borderRadius": 5,
          "borderWidth": 1,
          "justifyContent": "center",
        },
        Object {
          "height": 47,
          "paddingLeft": 15,
          "paddingRight": 15,
        },
        Object {
          "backgroundColor": "#ffffff",
          "borderColor": "#dddddd",
        },
        false,
        false,
        undefined,
        undefined,
      ]
    }
  >
    <View
      style={
        Object {
          "flexDirection": "row",
        }
      }
    >
      <Text
        style={
          Array [
            Object {
              "fontSize": 18,
            },
            Object {
              "color": "#000000",
            },
            false,
            false,
          ]
        }
      >
        Toast with custom view
      </Text>
    </View>
  </View>
</View>
`;
